,
			"prov:type": {
				"$": "prov:Collection",
				"type": "xsd:QName"
			}
		}
