
		// data nodes
		"rdt:d1": {
			"rdt:name": "f",
			"rdt:value": "#ddg.function",
			"rdt:valType": "{\"container\":\"vector\", \"dimension\":[1], \"type\":[\"character\"]}",
			"rdt:type": "Data",
			"rdt:scope": "R_GlobalEnv",
			"rdt:fromEnv": false,
			"rdt:hash": "",
			"rdt:timestamp": "",
			"rdt:location": ""
		}
