
		// data nodes
		"rdt:d1": {
			"rdt:name": "f",
			"rdt:value": "#ddg.function",
			"rdt:valType": "{\"container\":\"vector\", \"dimension\":[1], \"type\":[\"character\"]}",
			"rdt:type": "Data",
			"rdt:scope": "R_GlobalEnv",
			"rdt:fromEnv": false,
			"rdt:hash": "",
			"rdt:timestamp": "",
			"rdt:location": ""
		},
		"rdt:d2": {
			"rdt:name": "a",
			"rdt:value": "1",
			"rdt:valType": "{\"container\":\"vector\", \"dimension\":[1], \"type\":[\"numeric\"]}",
			"rdt:type": "Data",
			"rdt:scope": "R_GlobalEnv",
			"rdt:fromEnv": false,
			"rdt:hash": "",
			"rdt:timestamp": "",
			"rdt:location": ""
		},
		"rdt:d3": {
			"rdt:name": "error.msg",
			"rdt:value": "Error in .ddg.console.node(): could not find function \".ddg.console.node\"",
			"rdt:valType": "{\"container\":\"vector\", \"dimension\":[1], \"type\":[\"character\"]}",
			"rdt:type": "Exception",
			"rdt:scope": "ddg.library",
			"rdt:fromEnv": false,
			"rdt:hash": "",
			"rdt:timestamp": "",
			"rdt:location": ""
		}
