
		// data-to-procedure edges
		"rdt:dp1": {
			"prov:entity": "rdt:d2",
			"prov:activity": "rdt:p13"
		}
