
		// data-to-procedure edges
		"rdt:dp1": {
			"prov:entity": "rdt:d2",
			"prov:activity": "rdt:p13"
		},
		"rdt:dp2": {
			"prov:entity": "rdt:d10",
			"prov:activity": "rdt:p13"
		},
		"rdt:dp3": {
			"prov:entity": "rdt:d10",
			"prov:activity": "rdt:p15"
		}
