
		// function-to-procedure edges
		"rdt:fp1": {
			"prov:entity": "rdt:f1",
			"prov:activity": "rdt:p2"
		},
		"rdt:fp2": {
			"prov:entity": "rdt:f2",
			"prov:activity": "rdt:p3"
		},
		"rdt:fp3": {
			"prov:entity": "rdt:f3",
			"prov:activity": "rdt:p4"
		}
