
		// function nodes
		"rdt:f1": {
			"name": "read.csv"
		}
