
		// function-to-procedure edges
		"rdt:fp1": {
			"prov:entity": "rdt:f1",
			"prov:activity": "rdt:p2"
		}
