
		// function nodes
		"rdt:f1": {
			"name": "read.csv"
		},
		"rdt:f2": {
			"name": "as.roman"
		},
		"rdt:f3": {
			"name": "stri_flatten"
		}
