
	"hadMember" : {
		// groups function nodes with their library nodes
		"rdt:m1": {
			"prov:collection": "rdt:l7",
			"prov:entity": "rdt:f1"
		}
	}
