
	"hadMember" : {
		// groups function nodes with their library nodes
		"rdt:m1": {
			"prov:collection": "rdt:l7",
			"prov:entity": "rdt:f1"
		},
		"rdt:m2": {
			"prov:collection": "rdt:l7",
			"prov:entity": "rdt:f2"
		},
		"rdt:m3": {
			"prov:collection": "rdt:l8",
			"prov:entity": "rdt:f3"
		}
	}
