
		// library nodes - prov collections
		"rdt:l1": {
			"name": "base",
			"version": "3.5.1",
			"prov:type": {
				"$": "prov:Collection",
				"type": "xsd:QName"
			}
		},
		"rdt:l2": {
			"name": "datasets",
			"version": "3.5.1",
			"prov:type": {
				"$": "prov:Collection",
				"type": "xsd:QName"
			}
		},
		"rdt:l3": {
			"name": "ggplot2",
			"version": "2.2.1",
			"prov:type": {
				"$": "prov:Collection",
				"type": "xsd:QName"
			}
		},
		"rdt:l4": {
			"name": "graphics",
			"version": "3.5.1",
			"prov:type": {
				"$": "prov:Collection",
				"type": "xsd:QName"
			}
		},
		"rdt:l5": {
			"name": "grDevices",
			"version": "3.5.1",
			"prov:type": {
				"$": "prov:Collection",
				"type": "xsd:QName"
			}
		},
		"rdt:l6": {
			"name": "methods",
			"version": "3.5.1",
			"prov:type": {
				"$": "prov:Collection",
				"type": "xsd:QName"
			}
		},
		"rdt:l7": {
			"name": "RDataTracker",
			"version": "2.27.0",
			"prov:type": {
				"$": "prov:Collection",
				"type": "xsd:QName"
			}
		},
		"rdt:l8": {
			"name": "stats",
			"version": "3.5.1",
			"prov:type": {
				"$": "prov:Collection",
				"type": "xsd:QName"
			}
		},
		"rdt:l9": {
			"name": "utils",
			"version": "3.5.1",
			"prov:type": {
				"$": "prov:Collection",
				"type": "xsd:QName"
			}
		}
