
		// library nodes - prov collections
		"rdt:l1": {
			"name": "base",
			"version": "3.5.1",
			"prov:type": {
				"$": "prov:Collection",
				"type": "xsd:QName"
			}
		},
		"rdt:l2": {
			"name": "RDataTracker",
			"version": "2.27.0",
			"prov:type": {
				"$": "prov:Collection",
				"type": "xsd:QName"
			}
		}
