
		"rdt:l1": {
			"name": "base",
			"version": "3.5.1",
			"whereLoaded": "preloaded",
			"prov:type": {
				"$": "prov:Collection",
				"type": "xsd:QName"
			}
		}
