{
	"prefix": {
		"prov": "http://www.w3.org/ns/prov#",
		"rdt": "http://rdatatracker.org/"
	}
