
	"activity" : {
		// procedure nodes
		"rdt:p1": {
			"rdt:name": "ReturnTest.R",
			"rdt:type": "Start",
			"rdt:elapsedTime": 1.42,
			"rdt:scriptNum": "NA",
			"rdt:startLine": "NA",
			"rdt:startCol": "NA",
			"rdt:endLine": "NA",
			"rdt:endCol": "NA"
		}
	}
