
	"wasInformedBy" : {
		// procedure-to-procedure edges
		"rdt:pp1": {
			"prov:informant": "rdt:p1",
			"prov:informed": "rdt:p2"
		},
		"rdt:pp2": {
			"prov:informant": "rdt:p2",
			"prov:informed": "rdt:p3"
		},
		"rdt:pp3": {
			"prov:informant": "rdt:p3",
			"prov:informed": "rdt:p4"
		}
	}
