
	"wasInformedBy" : {
		// procedure-to-procedure edges
		"rdt:pp1": {
			"prov:informant": "rdt:p1",
			"prov:informed": "rdt:p2"
		}
	}
