
	"wasGeneratedBy" : {
		// procedure-to-data edges
		"rdt:pd1": {
			"prov:activity": "rdt:p2",
			"prov:entity": "rdt:d1"
		}
	}
