
	"wasGeneratedBy" : {
		// procedure-to-data edges
		"rdt:pd1": {
			"prov:activity": "rdt:p2",
			"prov:entity": "rdt:d1"
		},
		"rdt:pd2": {
			"prov:activity": "rdt:p3",
			"prov:entity": "rdt:d2"
		},
		"rdt:pd3": {
			"prov:activity": "rdt:p4",
			"prov:entity": "rdt:d3"
		}
	}
