<<<<<<< HEAD
Execution Time = 0.8395791
=======
Execution Time = 1.270747
>>>>>>> refs/remotes/origin/development
