<<<<<<< HEAD
Execution Time = 0.603533
=======
Execution Time = 0.6884902
>>>>>>> development
