<<<<<<< HEAD
Execution Time = 0.372277
=======
Execution Time = 0.6873691
>>>>>>> refs/remotes/origin/development
