Warning message:
In eval(expr, envir, enclos) : foo
Execution Time = 0.09316611
