Architecture="x86_64"
OperatingSystem="windows"
Language="R"
LanguageVersion="R version 3.2.5 (2016-04-14)"
RDataTrackerVersion="2.24.1"
Script="[DIR]/ControlConstructTest.R"
SourcedScripts=""
ProcessFileTimestamp="2016-11-03T11.52.03EDT"
WorkingDirectory="[DIR]"
DDGDirectory="[DIR]/ddg"
DateTime="2016-11-03T12.20.27EDT"
InstalledPackages="RDataTracker 2.24.1"
125
Start p1 "1-ControlConstructTest.R" Value="ControlConstructTest.R" Time="0.23" Script="NA" Pos="NA";
Start p2 "2-{    a <- 1    b <- 2}" Value="{    a <- 1    b <- 2}" Time="0.24" Script="0" Pos="6,1,9,1";
CF p1 p2
Start p3 "3-block" Value="block" Time="0.24" Script="NA" Pos="NA";
CF p2 p3
Operation p4 "4-a <- 1" Value="a <- 1" Time="0.24" Script="0" Pos="7,3,7,8";
CF p3 p4
Data d1 "1-a" Value="1";
DF p4 d1
Operation p5 "5-b <- 2" Value="b <- 2" Time="0.24" Script="0" Pos="8,3,8,8";
CF p4 p5
Data d2 "2-b" Value="2";
DF p5 d2
Finish p6 "6-block" Value="block" Time="0.24" Script="NA" Pos="NA";
CF p5 p6
Finish p7 "7-{    a <- 1    b <- 2}" Value="{    a <- 1    b <- 2}" Time="0.26" Script="0" Pos="6,1,9,1";
CF p6 p7
Start p8 "8-if (b == 1) {    cc <- 3} else {    d <- 4}" Value="if (b == 1) {    cc <- 3} else {    d <- 4}" Time="0.26" Script="0" Pos="11,1,15,1";
CF p7 p8
DF d2 p8
Start p9 "9-if" Value="if" Time="0.28" Script="NA" Pos="NA";
CF p8 p9
Operation p10 "10-d <- 4" Value="d <- 4" Time="0.28" Script="0" Pos="13,1,13,1";
CF p9 p10
Data d3 "3-d" Value="4";
DF p10 d3
Finish p11 "11-if" Value="if" Time="0.28" Script="NA" Pos="NA";
CF p10 p11
Finish p12 "12-if (b == 1) {    cc <- 3} else {    d <- 4}" Value="if (b == 1) {    cc <- 3} else {    d <- 4}" Time="0.28" Script="0" Pos="11,1,15,1";
CF p11 p12
Start p13 "13-repeat {    d <- d + 1    if (d == 7) {        break    }}" Value="repeat {    d <- d + 1    if (d == 7) {        break    }}" Time="0.28" Script="0" Pos="17,1,22,1";
CF p12 p13
DF d3 p13
Start p14 "14-repeat loop" Value="repeat loop" Time="0.29" Script="NA" Pos="NA";
CF p13 p14
Operation p15 "15-d <- d + 1" Value="d <- d + 1" Time="0.29" Script="0" Pos="18,3,18,12";
CF p14 p15
DF d3 p15
Data d4 "4-d" Value="5";
DF p15 d4
Operation p16 "16-if (d == 7) {    break}" Value="if (d == 7) {    break}" Time="0.31" Script="0" Pos="19,3,21,3";
CF p15 p16
DF d4 p16
Finish p17 "17-repeat loop" Value="repeat loop" Time="0.32" Script="NA" Pos="NA";
CF p16 p17
Start p18 "18-repeat loop" Value="repeat loop" Time="0.32" Script="NA" Pos="NA";
CF p17 p18
Operation p19 "19-d <- d + 1" Value="d <- d + 1" Time="0.32" Script="0" Pos="18,3,18,12";
CF p18 p19
DF d4 p19
Data d5 "5-d" Value="6";
DF p19 d5
Operation p20 "20-if (d == 7) {    break}" Value="if (d == 7) {    break}" Time="0.32" Script="0" Pos="19,3,21,3";
CF p19 p20
DF d5 p20
Finish p21 "21-repeat loop" Value="repeat loop" Time="0.35" Script="NA" Pos="NA";
CF p20 p21
Start p22 "22-repeat loop" Value="repeat loop" Time="0.35" Script="NA" Pos="NA";
CF p21 p22
Operation p23 "23-d <- d + 1" Value="d <- d + 1" Time="0.35" Script="0" Pos="18,3,18,12";
CF p22 p23
DF d5 p23
Data d6 "6-d" Value="7";
DF p23 d6
Start p24 "24-if (d == 7) {    break}" Value="if (d == 7) {    break}" Time="0.35" Script="0" Pos="19,3,21,3";
CF p23 p24
DF d6 p24
Start p25 "25-if" Value="if" Time="0.37" Script="NA" Pos="NA";
CF p24 p25
Operation p26 "26-break" Value="break" Time="0.37" Script="NA" Pos="NA";
CF p25 p26
Finish p27 "27-if" Value="if" Time="0.37" Script="NA" Pos="NA";
CF p26 p27
Finish p28 "28-if (d == 7) {    break}" Value="if (d == 7) {    break}" Time="0.37" Script="0" Pos="19,3,21,3";
CF p27 p28
Finish p29 "29-repeat loop" Value="repeat loop" Time="0.37" Script="NA" Pos="NA";
CF p28 p29
Finish p30 "30-repeat {    d <- d + 1    if (d == 7) {        break    }}" Value="repeat {    d <- d + 1    if (d == 7) {        break    }}" Time="0.37" Script="0" Pos="17,1,22,1";
CF p29 p30
Start p31 "31-while (d < 10) {    d <- d + 1}" Value="while (d < 10) {    d <- d + 1}" Time="0.38" Script="0" Pos="24,1,26,1";
CF p30 p31
DF d6 p31
Start p32 "32-while loop" Value="while loop" Time="0.38" Script="NA" Pos="NA";
CF p31 p32
Operation p33 "33-d <- d + 1" Value="d <- d + 1" Time="0.38" Script="0" Pos="25,3,25,12";
CF p32 p33
DF d6 p33
Data d7 "7-d" Value="8";
DF p33 d7
Finish p34 "34-while loop" Value="while loop" Time="0.4" Script="NA" Pos="NA";
CF p33 p34
Start p35 "35-while loop" Value="while loop" Time="0.4" Script="NA" Pos="NA";
CF p34 p35
Operation p36 "36-d <- d + 1" Value="d <- d + 1" Time="0.4" Script="0" Pos="25,3,25,12";
CF p35 p36
DF d7 p36
Data d8 "8-d" Value="9";
DF p36 d8
Finish p37 "37-while loop" Value="while loop" Time="0.42" Script="NA" Pos="NA";
CF p36 p37
Start p38 "38-while loop" Value="while loop" Time="0.42" Script="NA" Pos="NA";
CF p37 p38
Operation p39 "39-d <- d + 1" Value="d <- d + 1" Time="0.42" Script="0" Pos="25,3,25,12";
CF p38 p39
DF d8 p39
Data d9 "9-d" Value="10";
DF p39 d9
Finish p40 "40-while loop" Value="while loop" Time="0.42" Script="NA" Pos="NA";
CF p39 p40
Finish p41 "41-while (d < 10) {    d <- d + 1}" Value="while (d < 10) {    d <- d + 1}" Time="0.42" Script="0" Pos="24,1,26,1";
CF p40 p41
Start p42 "42-for (e in 1:5) {    f <- e + 1}" Value="for (e in 1:5) {    f <- e + 1}" Time="0.42" Script="0" Pos="28,1,30,1";
CF p41 p42
Start p43 "43-for loop" Value="for loop" Time="0.43" Script="NA" Pos="NA";
CF p42 p43
Operation p44 "44-e <- 1" Value="e <- 1" Time="0.43" Script="NA" Pos="NA";
CF p43 p44
Data d10 "10-e" Value="1";
DF p44 d10
Operation p45 "45-f <- e + 1" Value="f <- e + 1" Time="0.43" Script="0" Pos="29,3,29,12";
CF p44 p45
DF d10 p45
Data d11 "11-f" Value="2";
DF p45 d11
Finish p46 "46-for loop" Value="for loop" Time="0.43" Script="NA" Pos="NA";
CF p45 p46
Start p47 "47-for loop" Value="for loop" Time="0.43" Script="NA" Pos="NA";
CF p46 p47
Operation p48 "48-e <- 2" Value="e <- 2" Time="0.45" Script="NA" Pos="NA";
CF p47 p48
Data d12 "12-e" Value="2";
DF p48 d12
Operation p49 "49-f <- e + 1" Value="f <- e + 1" Time="0.45" Script="0" Pos="29,3,29,12";
CF p48 p49
DF d12 p49
Data d13 "13-f" Value="3";
DF p49 d13
Finish p50 "50-for loop" Value="for loop" Time="0.46" Script="NA" Pos="NA";
CF p49 p50
Start p51 "51-for loop" Value="for loop" Time="0.46" Script="NA" Pos="NA";
CF p50 p51
Operation p52 "52-e <- 3" Value="e <- 3" Time="0.46" Script="NA" Pos="NA";
CF p51 p52
Data d14 "14-e" Value="3";
DF p52 d14
Operation p53 "53-f <- e + 1" Value="f <- e + 1" Time="0.46" Script="0" Pos="29,3,29,12";
CF p52 p53
DF d14 p53
Data d15 "15-f" Value="4";
DF p53 d15
Finish p54 "54-for loop" Value="for loop" Time="0.48" Script="NA" Pos="NA";
CF p53 p54
Start p55 "55-for loop" Value="for loop" Time="0.48" Script="NA" Pos="NA";
CF p54 p55
Operation p56 "56-e <- 4" Value="e <- 4" Time="0.49" Script="NA" Pos="NA";
CF p55 p56
Data d16 "16-e" Value="4";
DF p56 d16
Operation p57 "57-f <- e + 1" Value="f <- e + 1" Time="0.49" Script="0" Pos="29,3,29,12";
CF p56 p57
DF d16 p57
Data d17 "17-f" Value="5";
DF p57 d17
Finish p58 "58-for loop" Value="for loop" Time="0.49" Script="NA" Pos="NA";
CF p57 p58
Start p59 "59-for loop" Value="for loop" Time="0.49" Script="NA" Pos="NA";
CF p58 p59
Operation p60 "60-e <- 5" Value="e <- 5" Time="0.49" Script="NA" Pos="NA";
CF p59 p60
Data d18 "18-e" Value="5";
DF p60 d18
Operation p61 "61-f <- e + 1" Value="f <- e + 1" Time="0.51" Script="0" Pos="29,3,29,12";
CF p60 p61
DF d18 p61
Data d19 "19-f" Value="6";
DF p61 d19
Finish p62 "62-for loop" Value="for loop" Time="0.52" Script="NA" Pos="NA";
CF p61 p62
Finish p63 "63-for (e in 1:5) {    f <- e + 1}" Value="for (e in 1:5) {    f <- e + 1}" Time="0.52" Script="0" Pos="28,1,30,1";
CF p62 p63
Start p64 "64-if (a == 1) x <- 1" Value="if (a == 1) x <- 1" Time="0.52" Script="0" Pos="66,1,69,1";
CF p63 p64
DF d1 p64
Start p65 "65-if" Value="if" Time="0.52" Script="NA" Pos="NA";
CF p64 p65
Operation p66 "66-x <- 1" Value="x <- 1" Time="0.52" Script="0" Pos="NA,NA,NA,NA";
CF p65 p66
Data d20 "20-x" Value="1";
DF p66 d20
Finish p67 "67-if" Value="if" Time="0.54" Script="NA" Pos="NA";
CF p66 p67
Finish p68 "68-if (a == 1) x <- 1" Value="if (a == 1) x <- 1" Time="0.54" Script="0" Pos="66,1,69,1";
CF p67 p68
Start p69 "69-if (a == 1) {    x <- 2}" Value="if (a == 1) {    x <- 2}" Time="0.54" Script="0" Pos="NA,NA,NA,NA";
CF p68 p69
DF d1 p69
Start p70 "70-if" Value="if" Time="0.54" Script="NA" Pos="NA";
CF p69 p70
Operation p71 "71-x <- 2" Value="x <- 2" Time="0.54" Script="0" Pos="NA,NA,NA,NA";
CF p70 p71
Data d21 "21-x" Value="2";
DF p71 d21
Finish p72 "72-if" Value="if" Time="0.56" Script="NA" Pos="NA";
CF p71 p72
Finish p73 "73-if (a == 1) {    x <- 2}" Value="if (a == 1) {    x <- 2}" Time="0.56" Script="0" Pos="NA,NA,NA,NA";
CF p72 p73
Start p74 "74-if (a == 0) {    x <- 3} else {    x <- 4}" Value="if (a == 0) {    x <- 3} else {    x <- 4}" Time="0.56" Script="0" Pos="NA,NA,NA,NA";
CF p73 p74
DF d1 p74
Start p75 "75-if" Value="if" Time="0.57" Script="NA" Pos="NA";
CF p74 p75
Operation p76 "76-x <- 4" Value="x <- 4" Time="0.57" Script="0" Pos="NA,NA,NA,NA";
CF p75 p76
Data d22 "22-x" Value="4";
DF p76 d22
Finish p77 "77-if" Value="if" Time="0.6" Script="NA" Pos="NA";
CF p76 p77
Finish p78 "78-if (a == 0) {    x <- 3} else {    x <- 4}" Value="if (a == 0) {    x <- 3} else {    x <- 4}" Time="0.6" Script="0" Pos="NA,NA,NA,NA";
CF p77 p78
Start p79 "79-if (a == 0) {    x <- 5} else if (a == 1) {    x <- 6}" Value="if (a == 0) {    x <- 5} else if (a == 1) {    x <- 6}" Time="0.6" Script="0" Pos="NA,NA,NA,NA";
CF p78 p79
DF d1 p79
Start p80 "80-if" Value="if" Time="0.62" Script="NA" Pos="NA";
CF p79 p80
Operation p81 "81-x <- 6" Value="x <- 6" Time="0.62" Script="0" Pos="NA,NA,NA,NA";
CF p80 p81
Data d23 "23-x" Value="6";
DF p81 d23
Finish p82 "82-if" Value="if" Time="0.62" Script="NA" Pos="NA";
CF p81 p82
Finish p83 "83-if (a == 0) {    x <- 5} else if (a == 1) {    x <- 6}" Value="if (a == 0) {    x <- 5} else if (a == 1) {    x <- 6}" Time="0.62" Script="0" Pos="NA,NA,NA,NA";
CF p82 p83
Start p84 "84-if (a == 2) {    y <- 1    z <- 1} else if (a == 3) {    y <" Value="if (a == 2) {    y <- 1    z <- 1} else if (a == 3) {    y <" Time="0.62" Script="0" Pos="NA,NA,NA,NA";
CF p83 p84
DF d1 p84
Start p85 "85-if" Value="if" Time="0.63" Script="NA" Pos="NA";
CF p84 p85
Operation p86 "86-y <- 3" Value="y <- 3" Time="0.63" Script="0" Pos="NA,NA,NA,NA";
CF p85 p86
Data d24 "24-y" Value="3";
DF p86 d24
Operation p87 "87-z <- 3" Value="z <- 3" Time="0.63" Script="0" Pos="NA,NA,NA,NA";
CF p86 p87
Data d25 "25-z" Value="3";
DF p87 d25
Finish p88 "88-if" Value="if" Time="0.63" Script="NA" Pos="NA";
CF p87 p88
Finish p89 "89-if (a == 2) {    y <- 1    z <- 1} else if (a == 3) {    y <" Value="if (a == 2) {    y <- 1    z <- 1} else if (a == 3) {    y <" Time="0.65" Script="0" Pos="NA,NA,NA,NA";
CF p88 p89
Start p90 "90-for (i in 1:3) {    if (i == 2)         next    a <- a + i}" Value="for (i in 1:3) {    if (i == 2)         next    a <- a + i}" Time="0.65" Script="0" Pos="NA,NA,NA,NA";
CF p89 p90
Start p91 "91-for loop" Value="for loop" Time="0.65" Script="NA" Pos="NA";
CF p90 p91
Operation p92 "92-i <- 1" Value="i <- 1" Time="0.65" Script="NA" Pos="NA";
CF p91 p92
Data d26 "26-i" Value="1";
DF p92 d26
Operation p93 "93-if (i == 2) next" Value="if (i == 2) next" Time="0.67" Script="0" Pos="NA,NA,NA,NA";
CF p92 p93
DF d26 p93
Operation p94 "94-a <- a + i" Value="a <- a + i" Time="0.7" Script="0" Pos="NA,NA,NA,NA";
CF p93 p94
DF d1 p94
DF d26 p94
Data d27 "27-a" Value="2";
DF p94 d27
Finish p95 "95-for loop" Value="for loop" Time="0.71" Script="NA" Pos="NA";
CF p94 p95
Start p96 "96-for loop" Value="for loop" Time="0.71" Script="NA" Pos="NA";
CF p95 p96
Operation p97 "97-i <- 2" Value="i <- 2" Time="0.71" Script="NA" Pos="NA";
CF p96 p97
Data d28 "28-i" Value="2";
DF p97 d28
Start p98 "98-if (i == 2) next" Value="if (i == 2) next" Time="0.71" Script="0" Pos="NA,NA,NA,NA";
CF p97 p98
DF d28 p98
Start p99 "99-if" Value="if" Time="0.73" Script="NA" Pos="NA";
CF p98 p99
Operation p100 "100-next" Value="next" Time="0.73" Script="NA" Pos="NA";
CF p99 p100
Finish p101 "101-if" Value="if" Time="0.73" Script="NA" Pos="NA";
CF p100 p101
Finish p102 "102-if (i == 2) next" Value="if (i == 2) next" Time="0.73" Script="0" Pos="NA,NA,NA,NA";
CF p101 p102
Finish p103 "103-for loop" Value="for loop" Time="0.73" Script="NA" Pos="NA";
CF p102 p103
Start p104 "104-for loop" Value="for loop" Time="0.73" Script="NA" Pos="NA";
CF p103 p104
Operation p105 "105-i <- 3" Value="i <- 3" Time="0.74" Script="NA" Pos="NA";
CF p104 p105
Data d29 "29-i" Value="3";
DF p105 d29
Operation p106 "106-if (i == 2) next" Value="if (i == 2) next" Time="0.74" Script="0" Pos="NA,NA,NA,NA";
CF p105 p106
DF d29 p106
Operation p107 "107-a <- a + i" Value="a <- a + i" Time="0.74" Script="0" Pos="NA,NA,NA,NA";
CF p106 p107
DF d27 p107
DF d29 p107
Data d30 "30-a" Value="5";
DF p107 d30
Finish p108 "108-for loop" Value="for loop" Time="0.77" Script="NA" Pos="NA";
CF p107 p108
Finish p109 "109-for (i in 1:3) {    if (i == 2)         next    a <- a + i}" Value="for (i in 1:3) {    if (i == 2)         next    a <- a + i}" Time="0.77" Script="0" Pos="NA,NA,NA,NA";
CF p108 p109
Start p110 "110-for (i in 1:3) {    if (i == 2)         break    b <- b + i}" Value="for (i in 1:3) {    if (i == 2)         break    b <- b + i}" Time="0.77" Script="0" Pos="NA,NA,NA,NA";
CF p109 p110
Start p111 "111-for loop" Value="for loop" Time="0.77" Script="NA" Pos="NA";
CF p110 p111
Operation p112 "112-i <- 1" Value="i <- 1" Time="0.77" Script="NA" Pos="NA";
CF p111 p112
Data d31 "31-i" Value="1";
DF p112 d31
Operation p113 "113-if (i == 2) break" Value="if (i == 2) break" Time="0.77" Script="0" Pos="NA,NA,NA,NA";
CF p112 p113
DF d31 p113
Operation p114 "114-b <- b + i" Value="b <- b + i" Time="0.79" Script="0" Pos="NA,NA,NA,NA";
CF p113 p114
DF d2 p114
DF d31 p114
Data d32 "32-b" Value="3";
DF p114 d32
Finish p115 "115-for loop" Value="for loop" Time="0.81" Script="NA" Pos="NA";
CF p114 p115
Start p116 "116-for loop" Value="for loop" Time="0.82" Script="NA" Pos="NA";
CF p115 p116
Operation p117 "117-i <- 2" Value="i <- 2" Time="0.82" Script="NA" Pos="NA";
CF p116 p117
Data d33 "33-i" Value="2";
DF p117 d33
Start p118 "118-if (i == 2) break" Value="if (i == 2) break" Time="0.82" Script="0" Pos="NA,NA,NA,NA";
CF p117 p118
DF d33 p118
Start p119 "119-if" Value="if" Time="0.82" Script="NA" Pos="NA";
CF p118 p119
Operation p120 "120-break" Value="break" Time="0.84" Script="NA" Pos="NA";
CF p119 p120
Finish p121 "121-if" Value="if" Time="0.84" Script="NA" Pos="NA";
CF p120 p121
Finish p122 "122-if (i == 2) break" Value="if (i == 2) break" Time="0.84" Script="0" Pos="NA,NA,NA,NA";
CF p121 p122
Finish p123 "123-for loop" Value="for loop" Time="0.84" Script="NA" Pos="NA";
CF p122 p123
Finish p124 "124-for (i in 1:3) {    if (i == 2)         break    b <- b + i}" Value="for (i in 1:3) {    if (i == 2)         break    b <- b + i}" Time="0.84" Script="0" Pos="NA,NA,NA,NA";
CF p123 p124
Finish p125 "125-ControlConstructTest.R" Value="ControlConstructTest.R" Time="0.84" Script="NA" Pos="NA";
CF p124 p125

