[1] 2 3 4 5
[1] 2 4
[1] 10
[1] 3 5 7 9
<<<<<<< HEAD
Execution Time = 0.6700771
=======
Execution Time = 0.953557
>>>>>>> refs/remotes/origin/development
