Loading required package: tcltk
Loading required package: gWidgets
Loading required package: methods
Loading required package: gWidgetstcltk
Loading required package: digest
Warning messages:
1: In `[<-.factor`(`*tmp*`, ri, value = c(101, 101, 101, 101, 101,  :
  invalid factor level, NA generated
2: In unpaste(dates., sep = fmt$sep, fnames = fmt$periods, nfields = 3) :
  95 entries set to NA due to wrong number of fields
3: ‘mode(display)’ differs between new and previous
	 ==> NOT changing ‘display’ 
4: ‘mode(display)’ differs between new and previous
	 ==> NOT changing ‘display’ 
Execution Time = 30.12597
