Error in characters(size) : could not find function "characters"
Calls: ddg.run ... ddg.exception.out -> .ddg.data.node -> .ddg.record.data -> data.frame
Execution halted
