[1] "Error in eval(expr, envir, enclos): could not find function \"foo\"\n"
Execution Time = 1.224421
