<<<<<<< HEAD
Execution Time = 0.896369
=======
Execution Time = 1.189964
>>>>>>> refs/remotes/origin/development
