Warning message:
closing unused connection 4 (home.html) 
Execution Time = 3.209501
