Error in library(RCurl) : there is no package called ‘RCurl’
Calls: ddg.run ... .ddg.parse.commands -> withCallingHandlers -> eval -> eval -> library
Execution halted
