<<<<<<< HEAD
Execution Time = 1.20463
=======
Execution Time = 1.716846
>>>>>>> refs/remotes/origin/development
