Loading required package: tcltk
Loading required package: gWidgets
Loading required package: methods
Loading required package: gWidgetstcltk
Loading required package: digest
Warning messages:
1: ‘mode(display)’ differs between new and previous
	 ==> NOT changing ‘display’ 
2: ‘mode(display)’ differs between new and previous
	 ==> NOT changing ‘display’ 
Execution Time = 24.28818
