<<<<<<< HEAD
Execution Time = 0.8203681
=======
Execution Time = 1.140966
>>>>>>> refs/remotes/origin/development
