<<<<<<< HEAD
Execution Time = 0.664494
=======
Execution Time = 1.248968
>>>>>>> refs/remotes/origin/development
