<<<<<<< HEAD
Execution Time = 0.6073332
=======
Execution Time = 0.890177
>>>>>>> refs/remotes/origin/development
