<<<<<<< HEAD
Execution Time = 0.2427211
=======
Execution Time = 0.374388
>>>>>>> refs/remotes/origin/development
