a <- 1
[1] "language"
[1] "Error in (function (cl, name, valueClass) : assignment of an object of class \"<-\" is not valid for @'parsed' in an object of class \"DDGStatement\"; is(value, \"expression\") is not TRUE\n"
Execution Time = 0.2233829
