<<<<<<< HEAD
Execution Time = 0.2908628
=======
Execution Time = 0.5303519
>>>>>>> refs/remotes/origin/development
