Error in library(Ecdat) : there is no package called ‘Ecdat’
Calls: ddg.run ... .ddg.parse.commands -> withCallingHandlers -> eval -> eval -> library
Execution halted
