[1] "Initializing io tracing"
[1] "Tracing graphics open"
[1] "Tracing graphics update"
[1] "Tracing graphics off"
[1] "Done initializing IO tracing"
[1] "In .ddg.create.file.write.nodes.and.edges"
[1] "In .ddg.create.file.write.nodes.and.edges"
[1] "In .ddg.create.file.write.nodes.and.edges"
Saving 7 x 7 in image
[1] "In .ddg.create.file.write.nodes.and.edges"
[1] "In .ddg.create.file.write.nodes.and.edges"
[1] "In .ddg.create.file.write.nodes.and.edges"
[1] "file written:  plot1.pdf"
[1] "Copying file"
[1] "In .ddg.create.file.write.nodes.and.edges"
Execution Time = 1.487347
